slurmstepd: error: couldn't chdir to `/sps/nemo/scratch/ktrofimi/Attempt/data_folder/tist/$TMPDIR': No such file or directory: going to /tmp instead
slurmstepd: error: couldn't chdir to `/sps/nemo/scratch/ktrofimi/Attempt/data_folder/tist/$TMPDIR': No such file or directory: going to /tmp instead
[notice:virtual void mctools::g4::manager::_init_core():1186] Main manager settings...
[notice:void mctools::g4::manager::add_supported_output_profile(const string&, const string&):744] Output profile 'calo_details' is supported.
[notice:void mctools::g4::manager::add_supported_output_profile(const string&, const string&):744] Output profile 'tracker_details' is supported.
[notice:void mctools::g4::manager::add_supported_output_profile(const string&, const string&):744] Output profile 'source_details' is supported.
[notice:void mctools::g4::manager::add_supported_output_profile(const string&, const string&):744] Output profile 'all_details' is supported.
[notice:void mctools::g4::manager::_init_seeds():1609] Using registered seed for 'MGR' : 237053152
[notice:void mctools::g4::manager::_init_seeds():1618] Using registered seed for 'VG' : 482509328
[notice:void mctools::g4::manager::_init_seeds():1627] Using registered seed for 'EG' : 1069808912
[notice:void mctools::g4::manager::_init_seeds():1636] Using registered seed for 'SHPF' : 589640787
[notice:virtual void mctools::g4::manager::_init_prngs():1786] Setting the HepRandomEngine to 'mctools::g4::g4_prng'...
[notice:virtual void mctools::g4::manager::_init_geometry():1356] Geometry manager settings...
[notice:virtual void mctools::g4::manager::_init_geometry():1358] Use external geometry manager...
[notice:virtual void mctools::g4::manager::_init_vertex_generator():1389] Vertex generator settings...
[notice:virtual void mctools::g4::manager::_init_event_generator():1438] Primary event generator settings...
HepRandomEngine::put called -- no effect!
[notice:virtual void mctools::g4::manager::_init_detector_construction():1478] Detector construction...
[notice:virtual void mctools::g4::manager::_init_physics_list():1492] Physics list initialization...
[notice:virtual void mctools::g4::manager::_init_run_action():1506] Run action initialization...
[notice:virtual void mctools::g4::manager::_init_event_action():1532] Event action initialization...
[notice:virtual void mctools::g4::manager::_init_primary_generator_action():1545] Primary generator action initialization...
[notice:virtual void mctools::g4::manager::_init_tracking_action():1564] Tracking action initialization...
[notice:virtual void mctools::g4::manager::_init_stepping_action():1574] Stepping action initialization...
[notice:virtual void mctools::g4::manager::_init_stacking_action():1584] Stacking action initialization...
[notice:virtual void mctools::g4::manager::initialize_impl():952] G4 kernel initialization...
[notice] SHPF: Step hit processor: 'calorimeter.hit_processor' (instantiated) :
[notice] |-- Logging priority   : fatal
[notice] |-- Name               : 'calorimeter.hit_processor'
[notice] |-- Hit category       : 'calo'
[notice] |-- Sensitive category : 'calorimeter_SD'
[notice] |-- Geometry manager   : 0xd33370
[notice] |-- Auxiliary properties : 
[notice] |   `-- Name : 'sensitive.category'
[notice] |       |-- Type  : string (scalar)
[notice] |       `-- Value : 'calorimeter_SD'
[notice] |-- Private pool : 0x27bb690
[notice] |-- Pool owner   : 0
[notice] |-- Pool         : 0x27bb690
[notice] |-- Time range : 1 (ns)
[notice] |-- Space range : 10 (mm)
[notice] |-- Mapping category : 'calorimeter_block'
[notice] |-- Mapping    : 0xd33730
[notice] |-- Categories : 0xd336c8 [54]
[notice] `-- Calorimeter block type : 1302
[notice] SHPF: Step hit processor: 'gg.hit_processor' (instantiated) :
[notice] |-- Logging priority   : fatal
[notice] |-- Name               : 'gg.hit_processor'
[notice] |-- Hit category       : 'gg'
[notice] |-- Sensitive category : 'tracker_SD'
[notice] |-- Geometry manager   : 0xd33370
[notice] |-- Auxiliary properties : 
[notice] |   `-- Name : 'sensitive.category'
[notice] |       |-- Type  : string (scalar)
[notice] |       `-- Value : 'tracker_SD'
[notice] |-- Private pool : 0
[notice] |-- Pool owner   : 0
[notice] `-- Pool         : 0
[notice] SHPF: Step hit processor: 'gveto.hit_processor' (instantiated) :
[notice] |-- Logging priority   : fatal
[notice] |-- Name               : 'gveto.hit_processor'
[notice] |-- Hit category       : 'gveto'
[notice] |-- Sensitive category : 'gveto_SD'
[notice] |-- Geometry manager   : 0xd33370
[notice] |-- Auxiliary properties : 
[notice] |   `-- Name : 'sensitive.category'
[notice] |       |-- Type  : string (scalar)
[notice] |       `-- Value : 'gveto_SD'
[notice] |-- Private pool : 0x2873ab0
[notice] |-- Pool owner   : 0
[notice] |-- Pool         : 0x2873ab0
[notice] |-- Time range : 1 (ns)
[notice] |-- Space range : 10 (mm)
[notice] |-- Mapping category : 'gveto_block'
[notice] |-- Mapping    : 0xd33730
[notice] |-- Categories : 0xd336c8 [54]
[notice] `-- Calorimeter block type : 1252
[notice] SHPF: Step hit processor: 'xcalorimeter.hit_processor' (instantiated) :
[notice] |-- Logging priority   : fatal
[notice] |-- Name               : 'xcalorimeter.hit_processor'
[notice] |-- Hit category       : 'xcalo'
[notice] |-- Sensitive category : 'xcalorimeter_SD'
[notice] |-- Geometry manager   : 0xd33370
[notice] |-- Auxiliary properties : 
[notice] |   `-- Name : 'sensitive.category'
[notice] |       |-- Type  : string (scalar)
[notice] |       `-- Value : 'xcalorimeter_SD'
[notice] |-- Private pool : 0x26fb750
[notice] |-- Pool owner   : 0
[notice] |-- Pool         : 0x26fb750
[notice] |-- Time range : 1 (ns)
[notice] |-- Space range : 10 (mm)
[notice] |-- Mapping category : 'xcalo_block'
[notice] |-- Mapping    : 0xd33730
[notice] |-- Categories : 0xd336c8 [54]
[notice] `-- Calorimeter block type : 1232
[warning:void mctools::g4::em_field_g4_stuff::initialize(const datatools::properties&):256] Using default EM field stepper for field labelled 'module'!
[warning:void mctools::g4::em_field_g4_stuff::initialize(const datatools::properties&):333] Field labelled 'module' is propagated to daughter volumes!
[notice:static void mctools::g4::manager_parameters::setup(const mctools::g4::manager_parameters&, mctools::g4::manager&):269] Simulation manager has been configured and initialized.
Error in cling::AutoLoadingVisitor::InsertIntoAutoLoadingState:
   Missing FileEntry for brio/detail/TArrayCMod.h
   requested to autoload type TArrayCMod
Error in cling::AutoLoadingVisitor::InsertIntoAutoLoadingState:
   Missing FileEntry for brio/detail/brio_record.h
   requested to autoload type brio_record
[notice:void mctools::g4::manager::run_simulation():188] Starting the simulation...
[notice:virtual void mctools::g4::manager::run_simulation_impl():1051] Entering batch mode...
[notice:virtual void mctools::g4::manager::run_simulation_impl():1063] Entering automatic mode...
[notice:virtual void mctools::g4::manager::run_simulation_impl():1099] G4 command = /run/beamOn 1000000000
HepRandomEngine::put called -- no effect!
[notice:virtual void mctools::g4::manager::run_simulation_impl():1112] Record the final PRNG internal states after the session has stopped normaly.
[notice:void mctools::g4::manager::run_simulation():190] Simulation stops !
Error in cling::AutoLoadingVisitor::InsertIntoAutoLoadingState:
   Missing FileEntry for brio/detail/TArrayCMod.h
   requested to autoload type TArrayCMod
Error in cling::AutoLoadingVisitor::InsertIntoAutoLoadingState:
   Missing FileEntry for brio/detail/brio_record.h
   requested to autoload type brio_record
[warning:datatools::properties& datatools::multi_properties::add_impl2(const string&, const string&):534] Key 'flsimulate' will ignore meta 'flsimulate::section' !
[warning:datatools::properties& datatools::multi_properties::add_impl2(const string&, const string&):534] Key 'flsimulate.simulation' will ignore meta 'flsimulate::section' !
[warning:datatools::properties& datatools::multi_properties::add_impl2(const string&, const string&):534] Key 'flsimulate.variantService' will ignore meta 'flsimulate::section' !
[warning:datatools::properties& datatools::multi_properties::add_impl2(const string&, const string&):534] Key 'flsimulate.services' will ignore meta 'flsimulate::section' !
[notice:void datatools::library_loader::_init():467] Automatic loading of library 'Falaise_CAT'...
[notice:void datatools::library_loader::_init():467] Automatic loading of library 'TrackFit'...
[notice:void datatools::library_loader::_init():467] Automatic loading of library 'Falaise_TrackFit'...
[notice:void datatools::library_loader::_init():467] Automatic loading of library 'Falaise_ChargedParticleTracking'...
[notice:void datatools::library_loader::_init():467] Automatic loading of library 'GammaTracking'...
[notice:void datatools::library_loader::_init():467] Automatic loading of library 'Falaise_GammaClustering'...
[warning:datatools::properties& datatools::multi_properties::add_impl2(const string&, const string&):534] Key 'flsimulate' will ignore meta 'flsimulate::section' !
[warning:datatools::properties& datatools::multi_properties::add_impl2(const string&, const string&):534] Key 'flsimulate.simulation' will ignore meta 'flsimulate::section' !
[warning:datatools::properties& datatools::multi_properties::add_impl2(const string&, const string&):534] Key 'flsimulate.variantService' will ignore meta 'flsimulate::section' !
[warning:datatools::properties& datatools::multi_properties::add_impl2(const string&, const string&):534] Key 'flsimulate.services' will ignore meta 'flsimulate::section' !
[debug:snreco::detail::GeigerTimePartitioner::GeigerTimePartitioner(double, bool, bool, bool):32] maxDelayedHitTimeGap  = 10 us
[debug:snreco::detail::GeigerTimePartitioner::GeigerTimePartitioner(double, bool, bool, bool):33] classifyPromptHits_   = true
[debug:snreco::detail::GeigerTimePartitioner::GeigerTimePartitioner(double, bool, bool, bool):34] classifyDelayedHits_  = true
[debug:snreco::detail::GeigerTimePartitioner::GeigerTimePartitioner(double, bool, bool, bool):35] isSplitChamber_       = true
CAT::clusterizer::initialize: Entering...
CAT::clusterizer::readDstProper: Entering...
CAT::clusterizer::readDstProper: SuperNemo kind of data
CAT::clusterizer::readDstProper: small radius 2 mm
CAT::clusterizer::readDstProper: tangent phi 20
CAT::clusterizer::readDstProper: tangent theta 160
CAT::clusterizer::readDstProper: small number 0.1 mm
CAT::clusterizer::readDstProper: quadrant angle 90
CAT::clusterizer::readDstProper: ratio 10000
CAT::clusterizer::readDstProper: compatibility distance 4
CAT::clusterizer::readDstProper: maximum chi2 3
CAT::clusterizer::readDstProper: probmin 0
CAT::clusterizer::readDstProper: first event number -1
CAT::clusterizer::readDstProper: cell pitch:  43.95 mm
CAT::clusterizer::readDstProper: verbosity print level: 2
CAT::clusterizer::readDstProper: Done.
CAT::clusterizer::initialize: Done.
CAT::sequentiator::readDstProper: SuperNemo kind of data
|-- Store       : (11)
|-- Hit ID      : 0
|-- Geometry ID : [1130:0.8.3]
|-- Auxiliaries : <empty>
|-- Category      : 'foil'
|-- From          : 'first'
|-- Extrapolation : 'line'
|-- Spot          : 
|   |-- Store       : (1000)
|   |-- Hit ID      : <none>
|   |-- Geometry ID : <none>
|   |-- Auxiliaries : <empty>
|   |-- Dimension : 3
|   |-- Placement : 
|   |   |-- Number of items  = 1
|   |   |-- Valid : 1
|   |   |-- Translation : (-0.125,-1300.94,-158.785)
|   |   |-- Euler Angles (ZYZ): Yes
|   |   |   |-- Phi :   0 degree
|   |   |   |-- Theta : 0 degree
|   |   |   `-- Delta : 0 degree
|   |-- X-error : 1 mm
|   |-- Y-error : nan mm
|   |-- Z-error : nan mm
|   `-- Tolerance : 1e-07 mm
|-- Distance      : 73.0455 mm
|-- XY-distance   : 53.2115 mm
|-- Edge          : false
`-- Best      : false
|-- Store       : (11)
|-- Hit ID      : 1
|-- Geometry ID : [1302:0.0.2.3.1]
|-- Auxiliaries : <empty>
|-- Category      : 'calo'
|-- From          : 'last'
|-- Extrapolation : 'line'
|-- Spot          : 
|   |-- Store       : (1000)
|   |-- Hit ID      : <none>
|   |-- Geometry ID : <none>
|   |-- Auxiliaries : <empty>
|   |-- Dimension : 3
|   |-- Placement : 
|   |   |-- Number of items  = 1
|   |   |-- Valid : true
|   |   |-- Translation : (-435,-1845.09,-820.62)
|   |   |-- Euler Angles (ZYZ): Yes
|   |   |   |-- Phi :   0 degree
|   |   |   |-- Theta : 0 degree
|   |   |   `-- Delta : 0 degree
|   |-- X-error : 1 mm
|   |-- Y-error : nan mm
|   |-- Z-error : nan mm
|   `-- Tolerance : 1e-07 mm
|-- Distance      : 68.6949 mm
|-- XY-distance   : 50.0422 mm
|-- Edge          : false
`-- Best      : true
|-- Store       : (11)
|-- Hit ID      : 0
|-- Geometry ID : [1130:0.27.6]
|-- Auxiliaries : <empty>
|-- Category      : 'foil'
|-- From          : 'first'
|-- Extrapolation : 'line'
|-- Spot          : 
|   |-- Store       : (1000)
|   |-- Hit ID      : <none>
|   |-- Geometry ID : <none>
|   |-- Auxiliaries : <empty>
|   |-- Dimension : 3
|   |-- Placement : 
|   |   |-- Number of items  = 1
|   |   |-- Valid : true
|   |   |-- Translation : (-0.125,1308.45,801.234)
|   |   |-- Euler Angles (ZYZ): Yes
|   |   |   |-- Phi :   0 degree
|   |   |   |-- Theta : 0 degree
|   |   |   `-- Delta : 0 degree
|   |-- X-error : 1 mm
|   |-- Y-error : nan mm
|   |-- Z-error : nan mm
|   `-- Tolerance : 1e-07 mm
|-- Distance      : 92.9624 mm
|-- XY-distance   : 92.9502 mm
|-- Edge          : false
`-- Best      : false
|-- Store       : (11)
|-- Hit ID      : 1
|-- Geometry ID : [1130:0.14.6]
|-- Auxiliaries : <empty>
|-- Category      : 'foil'
|-- From          : 'last'
|-- Extrapolation : 'line'
|-- Spot          : 
|   |-- Store       : (1000)
|   |-- Hit ID      : <none>
|   |-- Geometry ID : <none>
|   |-- Auxiliaries : <empty>
|   |-- Dimension : 3
|   |-- Placement : 
|   |   |-- Number of items  = 1
|   |   |-- Valid : true
|   |   |-- Translation : (-0.125,-486.061,832.409)
|   |   |-- Euler Angles (ZYZ): Yes
|   |   |   |-- Phi :   0 degree
|   |   |   |-- Theta : 0 degree
|   |   |   `-- Delta : 0 degree
|   |-- X-error : 1 mm
|   |-- Y-error : nan mm
|   |-- Z-error : nan mm
|   `-- Tolerance : 1e-07 mm
|-- Distance      : 68.0727 mm
|-- XY-distance   : 68.0638 mm
|-- Edge          : false
`-- Best      : false
|-- Store       : (11)
|-- Hit ID      : 0
|-- Geometry ID : [1130:0.14.6]
|-- Auxiliaries : <empty>
|-- Category      : 'foil'
|-- From          : 'first'
|-- Extrapolation : 'line'
|-- Spot          : 
|   |-- Store       : (1000)
|   |-- Hit ID      : <none>
|   |-- Geometry ID : <none>
|   |-- Auxiliaries : <empty>
|   |-- Dimension : 3
|   |-- Placement : 
|   |   |-- Number of items  = 1
|   |   |-- Valid : true
|   |   |-- Translation : (0.125,-478.275,800.598)
|   |   |-- Euler Angles (ZYZ): Yes
|   |   |   |-- Phi :   0 degree
|   |   |   |-- Theta : 0 degree
|   |   |   `-- Delta : 0 degree
|   |-- X-error : 1 mm
|   |-- Y-error : nan mm
|   |-- Z-error : nan mm
|   `-- Tolerance : 1e-07 mm
|-- Distance      : 73.967 mm
|-- XY-distance   : 52.0313 mm
|-- Edge          : false
`-- Best      : false
|-- Store       : (11)
|-- Hit ID      : 1
|-- Geometry ID : [1302:0.1.7.11.1]
|-- Auxiliaries : <empty>
|-- Category      : 'calo'
|-- From          : 'last'
|-- Extrapolation : 'line'
|-- Spot          : 
|   |-- Store       : (1000)
|   |-- Hit ID      : <none>
|   |-- Geometry ID : <none>
|   |-- Auxiliaries : <empty>
|   |-- Dimension : 3
|   |-- Placement : 
|   |   |-- Number of items  = 1
|   |   |-- Valid : true
|   |   |-- Translation : (435,-544.808,1247.92)
|   |   |-- Euler Angles (ZYZ): Yes
|   |   |   |-- Phi :   0 degree
|   |   |   |-- Theta : 0 degree
|   |   |   `-- Delta : 0 degree
|   |-- X-error : 1 mm
|   |-- Y-error : nan mm
|   |-- Z-error : nan mm
|   `-- Tolerance : 1e-07 mm
|-- Distance      : 41.8989 mm
|-- XY-distance   : 29.4733 mm
|-- Edge          : false
`-- Best      : true
|-- Store       : (11)
|-- Hit ID      : 0
|-- Geometry ID : [1130:0.27.6]
|-- Auxiliaries : <empty>
|-- Category      : 'foil'
|-- From          : 'first'
|-- Extrapolation : 'line'
|-- Spot          : 
|   |-- Store       : (1000)
|   |-- Hit ID      : <none>
|   |-- Geometry ID : <none>
|   |-- Auxiliaries : <empty>
|   |-- Dimension : 3
|   |-- Placement : 
|   |   |-- Number of items  = 1
|   |   |-- Valid : true
|   |   |-- Translation : (0.125,1277.73,861.789)
|   |   |-- Euler Angles (ZYZ): Yes
|   |   |   |-- Phi :   0 degree
|   |   |   |-- Theta : 0 degree
|   |   |   `-- Delta : 0 degree
|   |-- X-error : 1 mm
|   |-- Y-error : nan mm
|   |-- Z-error : nan mm
|   `-- Tolerance : 1e-07 mm
|-- Distance      : 70.0803 mm
|-- XY-distance   : 69.6924 mm
|-- Edge          : false
`-- Best      : false
|-- Store       : (11)
|-- Hit ID      : 1
|-- Geometry ID : [1302:0.1.13.9.1]
|-- Auxiliaries : <empty>
|-- Category      : 'calo'
|-- From          : 'last'
|-- Extrapolation : 'line'
|-- Spot          : 
|   |-- Store       : (1000)
|   |-- Hit ID      : <none>
|   |-- Geometry ID : <none>
|   |-- Auxiliaries : <empty>
|   |-- Dimension : 3
|   |-- Placement : 
|   |   |-- Number of items  = 1
|   |   |-- Valid : true
|   |   |-- Translation : (435,933.665,803.007)
|   |   |-- Euler Angles (ZYZ): Yes
|   |   |   |-- Phi :   0 degree
|   |   |   |-- Theta : 0 degree
|   |   |   `-- Delta : 0 degree
|   |-- X-error : 1 mm
|   |-- Y-error : nan mm
|   |-- Z-error : nan mm
|   `-- Tolerance : 1e-07 mm
|-- Distance      : 21.2504 mm
|-- XY-distance   : 21.1328 mm
|-- Edge          : false
`-- Best      : true
|-- Store       : (11)
|-- Hit ID      : 0
|-- Geometry ID : [1130:0.2.4]
|-- Auxiliaries : <empty>
|-- Category      : 'foil'
|-- From          : 'first'
|-- Extrapolation : 'line'
|-- Spot          : 
|   |-- Store       : (1000)
|   |-- Hit ID      : <none>
|   |-- Geometry ID : <none>
|   |-- Auxiliaries : <empty>
|   |-- Dimension : 3
|   |-- Placement : 
|   |   |-- Number of items  = 1
|   |   |-- Valid : true
|   |   |-- Translation : (-0.125,-2148.88,88.2895)
|   |   |-- Euler Angles (ZYZ): Yes
|   |   |   |-- Phi :   0 degree
|   |   |   |-- Theta : 0 degree
|   |   |   `-- Delta : 0 degree
|   |-- X-error : 1 mm
|   |-- Y-error : nan mm
|   |-- Z-error : nan mm
|   `-- Tolerance : 1e-07 mm
|-- Distance      : 75.9935 mm
|-- XY-distance   : 50.7914 mm
|-- Edge          : false
`-- Best      : false
|-- Store       : (11)
|-- Hit ID      : 1
|-- Geometry ID : [1302:0.0.0.4.1]
|-- Auxiliaries : <empty>
|-- Category      : 'calo'
|-- From          : 'last'
|-- Extrapolation : 'line'
|-- Spot          : 
|   |-- Store       : (1000)
|   |-- Hit ID      : <none>
|   |-- Geometry ID : <none>
|   |-- Auxiliaries : <empty>
|   |-- Dimension : 3
|   |-- Placement : 
|   |   |-- Number of items  = 1
|   |   |-- Valid : true
|   |   |-- Translation : (-435,-2387.07,-463.643)
|   |   |-- Euler Angles (ZYZ): Yes
|   |   |   |-- Phi :   0 degree
|   |   |   |-- Theta : 0 degree
|   |   |   `-- Delta : 0 degree
|   |-- X-error : 1 mm
|   |-- Y-error : nan mm
|   |-- Z-error : nan mm
|   `-- Tolerance : 1e-07 mm
|-- Distance      : 46.8061 mm
|-- XY-distance   : 31.2835 mm
|-- Edge          : false
`-- Best      : true
|-- Store       : (11)
|-- Hit ID      : 0
|-- Geometry ID : [1130:0.1.0]
|-- Auxiliaries : <empty>
|-- Category      : 'foil'
|-- From          : 'first'
|-- Extrapolation : 'line'
|-- Spot          : 
|   |-- Store       : (1000)
|   |-- Hit ID      : <none>
|   |-- Geometry ID : <none>
|   |-- Auxiliaries : <empty>
|   |-- Dimension : 3
|   |-- Placement : 
|   |   |-- Number of items  = 1
|   |   |-- Valid : true
|   |   |-- Translation : (0.125,-2248.5,-1227.77)
|   |   |-- Euler Angles (ZYZ): Yes
|   |   |   |-- Phi :   0 degree
|   |   |   |-- Theta : 0 degree
|   |   |   `-- Delta : 0 degree
|   |-- X-error : 1 mm
|   |-- Y-error : nan mm
|   |-- Z-error : nan mm
|   `-- Tolerance : 1e-07 mm
|-- Distance      : 117.795 mm
|-- XY-distance   : 48.4379 mm
|-- Edge          : false
`-- Best      : false
|-- Store       : (11)
|-- Hit ID      : 1
|-- Geometry ID : [1130:0.6.5]
|-- Auxiliaries : <empty>
|-- Category      : 'foil'
|-- From          : 'last'
|-- Extrapolation : 'line'
|-- Spot          : 
|   |-- Store       : (1000)
|   |-- Hit ID      : <none>
|   |-- Geometry ID : <none>
|   |-- Auxiliaries : <empty>
|   |-- Dimension : 3
|   |-- Placement : 
|   |   |-- Number of items  = 1
|   |   |-- Valid : true
|   |   |-- Translation : (0.125,-1635.73,508.571)
|   |   |-- Euler Angles (ZYZ): Yes
|   |   |   |-- Phi :   0 degree
|   |   |   |-- Theta : 0 degree
|   |   |   `-- Delta : 0 degree
|   |-- X-error : 1 mm
|   |-- Y-error : nan mm
|   |-- Z-error : nan mm
|   `-- Tolerance : 1e-07 mm
|-- Distance      : 155.721 mm
|-- XY-distance   : 64.033 mm
|-- Edge          : false
`-- Best      : false
|-- Store       : (11)
|-- Hit ID      : 0
|-- Geometry ID : [1302:0.1.4.10.1]
|-- Auxiliaries : <empty>
|-- Category      : 'calo'
|-- From          : 'first'
|-- Extrapolation : 'line'
|-- Spot          : 
|   |-- Store       : (1000)
|   |-- Hit ID      : <none>
|   |-- Geometry ID : <none>
|   |-- Auxiliaries : <empty>
|   |-- Dimension : 3
|   |-- Placement : 
|   |   |-- Number of items  = 1
|   |   |-- Valid : true
|   |   |-- Translation : (435,-1488.47,1185.97)
|   |   |-- Euler Angles (ZYZ): Yes
|   |   |   |-- Phi :   0 degree
|   |   |   |-- Theta : 0 degree
|   |   |   `-- Delta : 0 degree
|   |-- X-error : 1 mm
|   |-- Y-error : nan mm
|   |-- Z-error : nan mm
|   `-- Tolerance : 1e-07 mm
|-- Distance      : 42.6935 mm
|-- XY-distance   : 30.1032 mm
|-- Edge          : true
`-- Best      : true
|-- Store       : (11)
|-- Hit ID      : 0
|-- Geometry ID : [1302:0.1.4.11.1]
|-- Auxiliaries : <empty>
|-- Category      : 'calo'
|-- From          : 'first'
|-- Extrapolation : 'line'
|-- Spot          : 
|   |-- Store       : (1000)
|   |-- Hit ID      : <none>
|   |-- Geometry ID : <none>
|   |-- Auxiliaries : <empty>
|   |-- Dimension : 3
|   |-- Placement : 
|   |   |-- Number of items  = 1
|   |   |-- Valid : true
|   |   |-- Translation : (435,-1423.66,1290.11)
|   |   |-- Euler Angles (ZYZ): Yes
|   |   |   |-- Phi :   0 degree
|   |   |   |-- Theta : 0 degree
|   |   |   `-- Delta : 0 degree
|   |-- X-error : 1 mm
|   |-- Y-error : nan mm
|   |-- Z-error : nan mm
|   `-- Tolerance : 1e-07 mm
|-- Distance      : 44.3141 mm
|-- XY-distance   : 32.3509 mm
|-- Edge          : false
`-- Best      : true
|-- Store       : (11)
|-- Hit ID      : 0
|-- Geometry ID : [1100:0]
|-- Auxiliaries : <empty>
|-- Category      : 'reference_source_plane'
|-- From          : 'last'
|-- Extrapolation : 'line'
|-- Spot          : 
|   |-- Store       : (1000)
|   |-- Hit ID      : <none>
|   |-- Geometry ID : <none>
|   |-- Auxiliaries : <empty>
|   |-- Dimension : 3
|   |-- Placement : 
|   |   |-- Number of items  = 1
|   |   |-- Valid : true
|   |   |-- Translation : (1,-1778.23,-53.0711)
|   |   |-- Euler Angles (ZYZ): Yes
|   |   |   |-- Phi :   0 degree
|   |   |   |-- Theta : 0 degree
|   |   |   `-- Delta : 0 degree
|   |-- X-error : 1 mm
|   |-- Y-error : nan mm
|   |-- Z-error : nan mm
|   `-- Tolerance : 1e-07 mm
|-- Distance      : 609.323 mm
|-- XY-distance   : 116.548 mm
|-- Edge          : false
`-- Best      : false
|-- Store       : (11)
|-- Hit ID      : 1
|-- Geometry ID : [1130:0.5.3]
|-- Auxiliaries : <empty>
|-- Category      : 'foil'
|-- From          : 'last'
|-- Extrapolation : 'line'
|-- Spot          : 
|   |-- Store       : (1000)
|   |-- Hit ID      : <none>
|   |-- Geometry ID : <none>
|   |-- Auxiliaries : <empty>
|   |-- Dimension : 3
|   |-- Placement : 
|   |   |-- Number of items  = 1
|   |   |-- Valid : true
|   |   |-- Translation : (0.125,-1779.9,-62.7403)
|   |   |-- Euler Angles (ZYZ): Yes
|   |   |   |-- Phi :   0 degree
|   |   |   |-- Theta : 0 degree
|   |   |   `-- Delta : 0 degree
|   |-- X-error : 1 mm
|   |-- Y-error : nan mm
|   |-- Z-error : nan mm
|   `-- Tolerance : 1e-07 mm
|-- Distance      : 619.174 mm
|-- XY-distance   : 118.432 mm
|-- Edge          : false
`-- Best      : false
|-- Store       : (11)
|-- Hit ID      : 0
|-- Geometry ID : [1130:0.5.2]
|-- Auxiliaries : <empty>
|-- Category      : 'foil'
|-- From          : 'first'
|-- Extrapolation : 'line'
|-- Spot          : 
|   |-- Store       : (1000)
|   |-- Hit ID      : <none>
|   |-- Geometry ID : <none>
|   |-- Auxiliaries : <empty>
|   |-- Dimension : 3
|   |-- Placement : 
|   |   |-- Number of items  = 1
|   |   |-- Valid : true
|   |   |-- Translation : (-0.125,-1699.89,-447.074)
|   |   |-- Euler Angles (ZYZ): Yes
|   |   |   |-- Phi :   0 degree
|   |   |   |-- Theta : 0 degree
|   |   |   `-- Delta : 0 degree
|   |-- X-error : 1 mm
|   |-- Y-error : nan mm
|   |-- Z-error : nan mm
|   `-- Tolerance : 1e-07 mm
|-- Distance      : 59.1946 mm
|-- XY-distance   : 55.1219 mm
|-- Edge          : false
`-- Best      : false
|-- Store       : (11)
|-- Hit ID      : 1
|-- Geometry ID : [1232:0.0.0.1.3]
|-- Auxiliaries : <empty>
|-- Category      : 'xcalo'
|-- From          : 'last'
|-- Extrapolation : 'line'
|-- Spot          : 
|   |-- Store       : (1000)
|   |-- Hit ID      : <none>
|   |-- Geometry ID : <none>
|   |-- Auxiliaries : <empty>
|   |-- Dimension : 3
|   |-- Placement : 
|   |   |-- Number of items  = 1
|   |   |-- Valid : true
|   |   |-- Translation : (-359.091,-2505.5,-839.097)
|   |   |-- Euler Angles (ZYZ): Yes
|   |   |   |-- Phi :   0 degree
|   |   |   |-- Theta : 0 degree
|   |   |   `-- Delta : 0 degree
|   |-- X-error : 1 mm
|   |-- Y-error : nan mm
|   |-- Z-error : nan mm
|   `-- Tolerance : 1e-07 mm
|-- Distance      : 59.1557 mm
|-- XY-distance   : 55.0857 mm
|-- Edge          : true
`-- Best      : true
|-- Store       : (11)
|-- Hit ID      : 0
|-- Geometry ID : [1130:0.4.1]
|-- Auxiliaries : <empty>
|-- Category      : 'foil'
|-- From          : 'first'
|-- Extrapolation : 'line'
|-- Spot          : 
|   |-- Store       : (1000)
|   |-- Hit ID      : <none>
|   |-- Geometry ID : <none>
|   |-- Auxiliaries : <empty>
|   |-- Dimension : 3
|   |-- Placement : 
|   |   |-- Number of items  = 1
|   |   |-- Valid : true
|   |   |-- Translation : (0.125,-1866.01,-689.542)
|   |   |-- Euler Angles (ZYZ): Yes
|   |   |   |-- Phi :   0 degree
|   |   |   |-- Theta : 0 degree
|   |   |   `-- Delta : 0 degree
|   |-- X-error : 1 mm
|   |-- Y-error : nan mm
|   |-- Z-error : nan mm
|   `-- Tolerance : 1e-07 mm
|-- Distance      : 136.99 mm
|-- XY-distance   : 118.459 mm
|-- Edge          : false
`-- Best      : false
|-- Store       : (11)
|-- Hit ID      : 0
|-- Geometry ID : [1130:0.31.6]
|-- Auxiliaries : <empty>
|-- Category      : 'foil'
|-- From          : 'first'
|-- Extrapolation : 'line'
|-- Spot          : 
|   |-- Store       : (1000)
|   |-- Hit ID      : <none>
|   |-- Geometry ID : <none>
|   |-- Auxiliaries : <empty>
|   |-- Dimension : 3
|   |-- Placement : 
|   |   |-- Number of items  = 1
|   |   |-- Valid : true
|   |   |-- Translation : (-0.125,1837.3,841.91)
|   |   |-- Euler Angles (ZYZ): Yes
|   |   |   |-- Phi :   0 degree
|   |   |   |-- Theta : 0 degree
|   |   |   `-- Delta : 0 degree
|   |-- X-error : 1 mm
|   |-- Y-error : nan mm
|   |-- Z-error : nan mm
|   `-- Tolerance : 1e-07 mm
|-- Distance      : 53.8809 mm
|-- XY-distance   : 53.7791 mm
|-- Edge          : false
`-- Best      : false
|-- Store       : (11)
|-- Hit ID      : 1
|-- Geometry ID : [1302:0.0.17.9.1]
|-- Auxiliaries : <empty>
|-- Category      : 'calo'
|-- From          : 'last'
|-- Extrapolation : 'line'
|-- Spot          : 
|   |-- Store       : (1000)
|   |-- Hit ID      : <none>
|   |-- Geometry ID : <none>
|   |-- Auxiliaries : <empty>
|   |-- Dimension : 3
|   |-- Placement : 
|   |   |-- Number of items  = 1
|   |   |-- Valid : true
|   |   |-- Translation : (-435,1906.47,869.112)
|   |   |-- Euler Angles (ZYZ): Yes
|   |   |   |-- Phi :   0 degree
|   |   |   |-- Theta : 0 degree
|   |   |   `-- Delta : 0 degree
|   |-- X-error : 1 mm
|   |-- Y-error : nan mm
|   |-- Z-error : nan mm
|   `-- Tolerance : 1e-07 mm
|-- Distance      : 30.3832 mm
|-- XY-distance   : 30.3258 mm
|-- Edge          : false
`-- Best      : true
[debug:falaise::exit_code FLReconstruct::do_pipeline(const FLReconstruct::FLReconstructParams&):181] Input module is terminated
[notice:falaise::exit_code FLReconstruct::do_pipeline(const FLReconstruct::FLReconstructParams&):246] Number of processed input data records = 10
CAT::clusterizer::finalize: Ending algorithm clusterizer...
CAT::clusterizer::finalize: Initial events:  0
CAT::clusterizer::finalize: Skipped events:  0 ( -nan %)
CAT::clockable::dump: time of ' clusterizer: clusterize ' : 93.69 ms (100 %)
CAT::clockable::dump: time of ' clusterizer: is good couplet ' : 22.986 ms (24.5341 %)
CAT::clockable::dump: time of ' clusterizer: get near cells ' : 1.844 ms (1.96819 %)
CAT::clockable::dump: time of ' clusterizer: prepare event ' : 0.665 ms (0.709788 %)
CAT::clockable::dump: time of ' clusterizer: order cells ' : 0.078 ms (0.0832533 %)
CAT::clockable::dump: time of ' clusterizer: finalize ' : 0.056 ms (0.0597716 %)
CAT::clockable::dump: time of ' clusterizer: setup_clusters ' : 0.007 ms (0.00747145 %)
CAT::sequentiator::finalize: Ending algorithm sequentiator
CAT::sequentiator::finalize: Initial events:  0
CAT::sequentiator::finalize: Skipped events:  0 ( -nan %)
CAT::clockable::dump: time of ' sequentiator: sequentiate ' : 286.736 ms (100 %)
CAT::clockable::dump: time of ' sequentiator: evolve ' : 98.984 ms (34.521 %)
CAT::clockable::dump: time of ' sequentiator: evolve: part B ' : 87.075 ms (30.3677 %)
CAT::clockable::dump: time of ' sequentiator: make copy sequence ' : 85.858 ms (29.9432 %)
CAT::clockable::dump: time of ' sequentiator: clean up sequences ' : 83.884 ms (29.2548 %)
CAT::clockable::dump: time of ' sequentiator: make new sequence ' : 83.574 ms (29.1467 %)
CAT::clockable::dump: time of ' sequentiator: pick new cell ' : 78.239 ms (27.2861 %)
CAT::clockable::dump: time of ' sequentiator: make scenarios ' : 63.733 ms (22.2271 %)
CAT::clockable::dump: time of ' sequentiator: can add family ' : 54.628 ms (19.0517 %)
CAT::clockable::dump: time of ' sequentiator: manage copy sequence ' : 45.37 ms (15.8229 %)
CAT::clockable::dump: time of ' sequentiator: make copy sequence: part A ' : 40.171 ms (14.0098 %)
CAT::clockable::dump: time of ' sequentiator: make copy sequence: evolve ' : 37.288 ms (13.0043 %)
CAT::clockable::dump: time of ' sequentiator: copy sequence ' : 20.371 ms (7.10444 %)
CAT::clockable::dump: time of ' sequentiator: copy scenario ' : 18.135 ms (6.32463 %)
CAT::clockable::dump: time of ' sequentiator: set free level ' : 12.744 ms (4.44451 %)
CAT::clockable::dump: time of ' sequentiator: evolve: part C ' : 11.604 ms (4.04693 %)
CAT::clockable::dump: time of ' sequentiator: can match ' : 11.556 ms (4.03019 %)
CAT::clockable::dump: time of ' sequentiator: better scenario ' : 8.002 ms (2.79072 %)
CAT::clockable::dump: time of ' sequentiator: interpret physics ' : 5.187 ms (1.80898 %)
CAT::clockable::dump: time of ' sequentiator: add pair ' : 4.311 ms (1.50347 %)
CAT::clockable::dump: time of ' sequentiator: direct out of foil ' : 3.315 ms (1.15612 %)
CAT::clockable::dump: time of ' sequentiator: copy to lfn ' : 2.836 ms (0.989063 %)
CAT::clockable::dump: time of ' sequentiator: calculate scenario ' : 2.79 ms (0.97302 %)
CAT::clockable::dump: time of ' sequentiator: evolve: part B: set free level ' : 1.785 ms (0.622524 %)
CAT::clockable::dump: time of ' sequentiator: evolve: part B: noc ' : 1.66 ms (0.57893 %)
CAT::clockable::dump: time of ' sequentiator: good first node ' : 0.118 ms (0.0411528 %)
CAT::clockable::dump: time of ' sequentiator: make families ' : 0.112 ms (0.0390603 %)
CAT::clockable::dump: time of ' sequentiator: evolve: part A ' : 0.105 ms (0.0366191 %)
CAT::clockable::dump: time of ' sequentiator: get link index ' : 0.058 ms (0.0202277 %)
CAT::clockable::dump: time of ' sequentiator: there is free sequence beginning with ' : 0.016 ms (0.00558005 %)
CAT::clockable::dump: time of ' sequentiator: direct scenarios out of foil ' : 0.013 ms (0.00453379 %)
CAT::clockable::dump: time of ' sequentiator: make copy sequence: part A: alpha ' : 0.011 ms (0.00383628 %)
CAT::clockable::dump: time of ' sequentiator: make copy sequence: part A: beta ' : 0.001 ms (0.000348753 %)
CAT::clockable::dump: time of ' sequentiator: finalize ' : 0 ms (0 %)
CAT::clockable::dump: time of ' sequentiator: match gaps ' : 0 ms (0 %)
CAT::clockable::dump: time of ' sequentiator: sequentiation ' : 0 ms (0 %)
Error in cling::AutoLoadingVisitor::InsertIntoAutoLoadingState:
   Missing FileEntry for brio/detail/TArrayCMod.h
   requested to autoload type TArrayCMod
Error in cling::AutoLoadingVisitor::InsertIntoAutoLoadingState:
   Missing FileEntry for brio/detail/brio_record.h
   requested to autoload type brio_record
[warning:datatools::properties& datatools::multi_properties::add_impl2(const string&, const string&):534] Key 'flreconstruct' will ignore meta 'flreconstruct::section' !
[warning:datatools::properties& datatools::multi_properties::add_impl2(const string&, const string&):534] Key 'flreconstruct.variantService' will ignore meta 'flreconstruct::section' !
[warning:datatools::properties& datatools::multi_properties::add_impl2(const string&, const string&):534] Key 'flreconstruct.services' will ignore meta 'flreconstruct::section' !
[warning:datatools::properties& datatools::multi_properties::add_impl2(const string&, const string&):534] Key 'flreconstruct.pipeline' will ignore meta 'flreconstruct::section' !
[notice:void datatools::library_loader::_init():467] Automatic loading of library 'MiModule'...
[warning:datatools::properties& datatools::multi_properties::add_impl2(const string&, const string&):534] Key 'flreconstruct' will ignore meta 'flreconstruct::section' !
[warning:datatools::properties& datatools::multi_properties::add_impl2(const string&, const string&):534] Key 'flreconstruct.variantService' will ignore meta 'flreconstruct::section' !
[warning:datatools::properties& datatools::multi_properties::add_impl2(const string&, const string&):534] Key 'flreconstruct.services' will ignore meta 'flreconstruct::section' !
[warning:datatools::properties& datatools::multi_properties::add_impl2(const string&, const string&):534] Key 'flreconstruct.pipeline' will ignore meta 'flreconstruct::section' !
[notice:virtual void Things2Root::initialize(const datatools::properties&, datatools::service_manager&, dpp::module_handle_dict_type&):350] Create TFile...
[debug:falaise::exit_code FLReconstruct::do_pipeline(const FLReconstruct::FLReconstructParams&):181] Input module is terminated
[notice:falaise::exit_code FLReconstruct::do_pipeline(const FLReconstruct::FLReconstructParams&):246] Number of processed input data records = 10
[notice:virtual void Things2Root::reset():1121] Finished conversion, file closed.
mv: cannot stat '/sps/nemo/scratch/ktrofimi/Attempt/MiModule/testing_products/Default.root': No such file or directory
Error in <TFile::TFile>: file /tmp/./MiModule.root does not exist

 *** Break *** segmentation violation



===========================================================
There was a crash.
This is the entire stack trace of all threads:
===========================================================
#0  0x000014db5f4d89fa in wait4 () from /lib64/libc.so.6
#1  0x000014db5f44b243 in do_system () from /lib64/libc.so.6
#2  0x000014db5fef629c in TUnixSystem::StackTrace() () from /sps/nemo/sw/redhat-9-x86_64/snsw/opt/root-6.26.06/bin/../lib/root/libCore.so.6.26
#3  0x000014db5fef3995 in TUnixSystem::DispatchSignals(ESignals) () from /sps/nemo/sw/redhat-9-x86_64/snsw/opt/root-6.26.06/bin/../lib/root/libCore.so.6.26
#4  <signal handler called>
#5  0x000014db5fbf20f8 in ?? ()
#6  0x0000000000000000 in ?? ()
===========================================================


The lines below might hint at the cause of the crash.
You may get help by asking at the ROOT forum https://root.cern/forum
Only if you are really convinced it is a bug in ROOT then please submit a
report at https://root.cern/bugs Please post the ENTIRE stack trace
from above as an attachment in addition to anything else
that might help us fixing this issue.
===========================================================
#5  0x000014db5fbf20f8 in ?? ()
#6  0x0000000000000000 in ?? ()
===========================================================


slurmstepd: error: run_script_as_user: couldn't change working dir to /sps/nemo/scratch/ktrofimi/Attempt/data_folder/tist/$TMPDIR: No such file or directory
