slurmstepd: error: couldn't chdir to `/sps/nemo/scratch/ktrofimi/Attempt/data_folder/tist/$TMPDIR': No such file or directory: going to /tmp instead
slurmstepd: error: couldn't chdir to `/sps/nemo/scratch/ktrofimi/Attempt/data_folder/tist/$TMPDIR': No such file or directory: going to /tmp instead
[notice:virtual void mctools::g4::manager::_init_core():1186] Main manager settings...
[notice:void mctools::g4::manager::add_supported_output_profile(const string&, const string&):744] Output profile 'calo_details' is supported.
[notice:void mctools::g4::manager::add_supported_output_profile(const string&, const string&):744] Output profile 'tracker_details' is supported.
[notice:void mctools::g4::manager::add_supported_output_profile(const string&, const string&):744] Output profile 'source_details' is supported.
[notice:void mctools::g4::manager::add_supported_output_profile(const string&, const string&):744] Output profile 'all_details' is supported.
[notice:void mctools::g4::manager::_init_seeds():1609] Using registered seed for 'MGR' : 126176565
[notice:void mctools::g4::manager::_init_seeds():1618] Using registered seed for 'VG' : 873894990
[notice:void mctools::g4::manager::_init_seeds():1627] Using registered seed for 'EG' : 612615602
[notice:void mctools::g4::manager::_init_seeds():1636] Using registered seed for 'SHPF' : 29585796
[notice:virtual void mctools::g4::manager::_init_prngs():1786] Setting the HepRandomEngine to 'mctools::g4::g4_prng'...
[notice:virtual void mctools::g4::manager::_init_geometry():1356] Geometry manager settings...
[notice:virtual void mctools::g4::manager::_init_geometry():1358] Use external geometry manager...
[notice:virtual void mctools::g4::manager::_init_vertex_generator():1389] Vertex generator settings...
[notice:virtual void mctools::g4::manager::_init_event_generator():1438] Primary event generator settings...
HepRandomEngine::put called -- no effect!
[notice:virtual void mctools::g4::manager::_init_detector_construction():1478] Detector construction...
[notice:virtual void mctools::g4::manager::_init_physics_list():1492] Physics list initialization...
[notice:virtual void mctools::g4::manager::_init_run_action():1506] Run action initialization...
[notice:virtual void mctools::g4::manager::_init_event_action():1532] Event action initialization...
[notice:virtual void mctools::g4::manager::_init_primary_generator_action():1545] Primary generator action initialization...
[notice:virtual void mctools::g4::manager::_init_tracking_action():1564] Tracking action initialization...
[notice:virtual void mctools::g4::manager::_init_stepping_action():1574] Stepping action initialization...
[notice:virtual void mctools::g4::manager::_init_stacking_action():1584] Stacking action initialization...
[notice:virtual void mctools::g4::manager::initialize_impl():952] G4 kernel initialization...
[notice] SHPF: Step hit processor: 'calorimeter.hit_processor' (instantiated) :
[notice] |-- Logging priority   : fatal
[notice] |-- Name               : 'calorimeter.hit_processor'
[notice] |-- Hit category       : 'calo'
[notice] |-- Sensitive category : 'calorimeter_SD'
[notice] |-- Geometry manager   : 0x1803370
[notice] |-- Auxiliary properties : 
[notice] |   `-- Name : 'sensitive.category'
[notice] |       |-- Type  : string (scalar)
[notice] |       `-- Value : 'calorimeter_SD'
[notice] |-- Private pool : 0x314f060
[notice] |-- Pool owner   : 0
[notice] |-- Pool         : 0x314f060
[notice] |-- Time range : 1 (ns)
[notice] |-- Space range : 10 (mm)
[notice] |-- Mapping category : 'calorimeter_block'
[notice] |-- Mapping    : 0x1803730
[notice] |-- Categories : 0x18036c8 [54]
[notice] `-- Calorimeter block type : 1302
[notice] SHPF: Step hit processor: 'gg.hit_processor' (instantiated) :
[notice] |-- Logging priority   : fatal
[notice] |-- Name               : 'gg.hit_processor'
[notice] |-- Hit category       : 'gg'
[notice] |-- Sensitive category : 'tracker_SD'
[notice] |-- Geometry manager   : 0x1803370
[notice] |-- Auxiliary properties : 
[notice] |   `-- Name : 'sensitive.category'
[notice] |       |-- Type  : string (scalar)
[notice] |       `-- Value : 'tracker_SD'
[notice] |-- Private pool : 0
[notice] |-- Pool owner   : 0
[notice] `-- Pool         : 0
[notice] SHPF: Step hit processor: 'gveto.hit_processor' (instantiated) :
[notice] |-- Logging priority   : fatal
[notice] |-- Name               : 'gveto.hit_processor'
[notice] |-- Hit category       : 'gveto'
[notice] |-- Sensitive category : 'gveto_SD'
[notice] |-- Geometry manager   : 0x1803370
[notice] |-- Auxiliary properties : 
[notice] |   `-- Name : 'sensitive.category'
[notice] |       |-- Type  : string (scalar)
[notice] |       `-- Value : 'gveto_SD'
[notice] |-- Private pool : 0x33a76b0
[notice] |-- Pool owner   : 0
[notice] |-- Pool         : 0x33a76b0
[notice] |-- Time range : 1 (ns)
[notice] |-- Space range : 10 (mm)
[notice] |-- Mapping category : 'gveto_block'
[notice] |-- Mapping    : 0x1803730
[notice] |-- Categories : 0x18036c8 [54]
[notice] `-- Calorimeter block type : 1252
[notice] SHPF: Step hit processor: 'xcalorimeter.hit_processor' (instantiated) :
[notice] |-- Logging priority   : fatal
[notice] |-- Name               : 'xcalorimeter.hit_processor'
[notice] |-- Hit category       : 'xcalo'
[notice] |-- Sensitive category : 'xcalorimeter_SD'
[notice] |-- Geometry manager   : 0x1803370
[notice] |-- Auxiliary properties : 
[notice] |   `-- Name : 'sensitive.category'
[notice] |       |-- Type  : string (scalar)
[notice] |       `-- Value : 'xcalorimeter_SD'
[notice] |-- Private pool : 0x3392330
[notice] |-- Pool owner   : 0
[notice] |-- Pool         : 0x3392330
[notice] |-- Time range : 1 (ns)
[notice] |-- Space range : 10 (mm)
[notice] |-- Mapping category : 'xcalo_block'
[notice] |-- Mapping    : 0x1803730
[notice] |-- Categories : 0x18036c8 [54]
[notice] `-- Calorimeter block type : 1232
[warning:void mctools::g4::em_field_g4_stuff::initialize(const datatools::properties&):256] Using default EM field stepper for field labelled 'module'!
[warning:void mctools::g4::em_field_g4_stuff::initialize(const datatools::properties&):333] Field labelled 'module' is propagated to daughter volumes!
[notice:static void mctools::g4::manager_parameters::setup(const mctools::g4::manager_parameters&, mctools::g4::manager&):269] Simulation manager has been configured and initialized.
Error in cling::AutoLoadingVisitor::InsertIntoAutoLoadingState:
   Missing FileEntry for brio/detail/TArrayCMod.h
   requested to autoload type TArrayCMod
Error in cling::AutoLoadingVisitor::InsertIntoAutoLoadingState:
   Missing FileEntry for brio/detail/brio_record.h
   requested to autoload type brio_record
[notice:void mctools::g4::manager::run_simulation():188] Starting the simulation...
[notice:virtual void mctools::g4::manager::run_simulation_impl():1051] Entering batch mode...
[notice:virtual void mctools::g4::manager::run_simulation_impl():1063] Entering automatic mode...
[notice:virtual void mctools::g4::manager::run_simulation_impl():1099] G4 command = /run/beamOn 1000000000
HepRandomEngine::put called -- no effect!
[notice:virtual void mctools::g4::manager::run_simulation_impl():1112] Record the final PRNG internal states after the session has stopped normaly.
[notice:void mctools::g4::manager::run_simulation():190] Simulation stops !
Error in cling::AutoLoadingVisitor::InsertIntoAutoLoadingState:
   Missing FileEntry for brio/detail/TArrayCMod.h
   requested to autoload type TArrayCMod
Error in cling::AutoLoadingVisitor::InsertIntoAutoLoadingState:
   Missing FileEntry for brio/detail/brio_record.h
   requested to autoload type brio_record
[warning:datatools::properties& datatools::multi_properties::add_impl2(const string&, const string&):534] Key 'flsimulate' will ignore meta 'flsimulate::section' !
[warning:datatools::properties& datatools::multi_properties::add_impl2(const string&, const string&):534] Key 'flsimulate.simulation' will ignore meta 'flsimulate::section' !
[warning:datatools::properties& datatools::multi_properties::add_impl2(const string&, const string&):534] Key 'flsimulate.variantService' will ignore meta 'flsimulate::section' !
[warning:datatools::properties& datatools::multi_properties::add_impl2(const string&, const string&):534] Key 'flsimulate.services' will ignore meta 'flsimulate::section' !
[notice:void datatools::library_loader::_init():467] Automatic loading of library 'Falaise_CAT'...
[notice:void datatools::library_loader::_init():467] Automatic loading of library 'TrackFit'...
[notice:void datatools::library_loader::_init():467] Automatic loading of library 'Falaise_TrackFit'...
[notice:void datatools::library_loader::_init():467] Automatic loading of library 'Falaise_ChargedParticleTracking'...
[notice:void datatools::library_loader::_init():467] Automatic loading of library 'GammaTracking'...
[notice:void datatools::library_loader::_init():467] Automatic loading of library 'Falaise_GammaClustering'...
[warning:datatools::properties& datatools::multi_properties::add_impl2(const string&, const string&):534] Key 'flsimulate' will ignore meta 'flsimulate::section' !
[warning:datatools::properties& datatools::multi_properties::add_impl2(const string&, const string&):534] Key 'flsimulate.simulation' will ignore meta 'flsimulate::section' !
[warning:datatools::properties& datatools::multi_properties::add_impl2(const string&, const string&):534] Key 'flsimulate.variantService' will ignore meta 'flsimulate::section' !
[warning:datatools::properties& datatools::multi_properties::add_impl2(const string&, const string&):534] Key 'flsimulate.services' will ignore meta 'flsimulate::section' !
[debug:snreco::detail::GeigerTimePartitioner::GeigerTimePartitioner(double, bool, bool, bool):32] maxDelayedHitTimeGap  = 10 us
[debug:snreco::detail::GeigerTimePartitioner::GeigerTimePartitioner(double, bool, bool, bool):33] classifyPromptHits_   = true
[debug:snreco::detail::GeigerTimePartitioner::GeigerTimePartitioner(double, bool, bool, bool):34] classifyDelayedHits_  = true
[debug:snreco::detail::GeigerTimePartitioner::GeigerTimePartitioner(double, bool, bool, bool):35] isSplitChamber_       = true
CAT::clusterizer::initialize: Entering...
CAT::clusterizer::readDstProper: Entering...
CAT::clusterizer::readDstProper: SuperNemo kind of data
CAT::clusterizer::readDstProper: small radius 2 mm
CAT::clusterizer::readDstProper: tangent phi 20
CAT::clusterizer::readDstProper: tangent theta 160
CAT::clusterizer::readDstProper: small number 0.1 mm
CAT::clusterizer::readDstProper: quadrant angle 90
CAT::clusterizer::readDstProper: ratio 10000
CAT::clusterizer::readDstProper: compatibility distance 4
CAT::clusterizer::readDstProper: maximum chi2 3
CAT::clusterizer::readDstProper: probmin 0
CAT::clusterizer::readDstProper: first event number -1
CAT::clusterizer::readDstProper: cell pitch:  43.95 mm
CAT::clusterizer::readDstProper: verbosity print level: 2
CAT::clusterizer::readDstProper: Done.
CAT::clusterizer::initialize: Done.
CAT::sequentiator::readDstProper: SuperNemo kind of data
|-- Store       : (11)
|-- Hit ID      : 0
|-- Geometry ID : [1130:0.8.4]
|-- Auxiliaries : <empty>
|-- Category      : 'foil'
|-- From          : 'first'
|-- Extrapolation : 'line'
|-- Spot          : 
|   |-- Store       : (1000)
|   |-- Hit ID      : <none>
|   |-- Geometry ID : <none>
|   |-- Auxiliaries : <empty>
|   |-- Dimension : 3
|   |-- Placement : 
|   |   |-- Number of items  = 1
|   |   |-- Valid : 1
|   |   |-- Translation : (0.125,-1384.58,108.434)
|   |   |-- Euler Angles (ZYZ): Yes
|   |   |   |-- Phi :   0 degree
|   |   |   |-- Theta : 0 degree
|   |   |   `-- Delta : 0 degree
|   |-- X-error : 1 mm
|   |-- Y-error : nan mm
|   |-- Z-error : nan mm
|   `-- Tolerance : 1e-07 mm
|-- Distance      : 58.2202 mm
|-- XY-distance   : 57.5338 mm
|-- Edge          : false
`-- Best      : false
|-- Store       : (11)
|-- Hit ID      : 1
|-- Geometry ID : [1302:0.1.4.6.1]
|-- Auxiliaries : <empty>
|-- Category      : 'calo'
|-- From          : 'last'
|-- Extrapolation : 'line'
|-- Spot          : 
|   |-- Store       : (1000)
|   |-- Hit ID      : <none>
|   |-- Geometry ID : <none>
|   |-- Auxiliaries : <empty>
|   |-- Dimension : 3
|   |-- Placement : 
|   |   |-- Number of items  = 1
|   |   |-- Valid : true
|   |   |-- Translation : (435,-1508.49,38.3913)
|   |   |-- Euler Angles (ZYZ): Yes
|   |   |   |-- Phi :   0 degree
|   |   |   |-- Theta : 0 degree
|   |   |   `-- Delta : 0 degree
|   |-- X-error : 1 mm
|   |-- Y-error : nan mm
|   |-- Z-error : nan mm
|   `-- Tolerance : 1e-07 mm
|-- Distance      : 32.4636 mm
|-- XY-distance   : 32.0809 mm
|-- Edge          : false
`-- Best      : true
|-- Store       : (11)
|-- Hit ID      : 0
|-- Geometry ID : [1130:0.34.7]
|-- Auxiliaries : <empty>
|-- Category      : 'foil'
|-- From          : 'first'
|-- Extrapolation : 'line'
|-- Spot          : 
|   |-- Store       : (1000)
|   |-- Hit ID      : <none>
|   |-- Geometry ID : <none>
|   |-- Auxiliaries : <empty>
|   |-- Dimension : 3
|   |-- Placement : 
|   |   |-- Number of items  = 1
|   |   |-- Valid : true
|   |   |-- Translation : (0.125,2250.93,1261.28)
|   |   |-- Euler Angles (ZYZ): Yes
|   |   |   |-- Phi :   0 degree
|   |   |   |-- Theta : 0 degree
|   |   |   `-- Delta : 0 degree
|   |-- X-error : 1 mm
|   |-- Y-error : nan mm
|   |-- Z-error : nan mm
|   `-- Tolerance : 1e-07 mm
|-- Distance      : 102.525 mm
|-- XY-distance   : 94.7775 mm
|-- Edge          : false
`-- Best      : false
|-- Store       : (11)
|-- Hit ID      : 1
|-- Geometry ID : [1232:0.1.1.0.13]
|-- Auxiliaries : <empty>
|-- Category      : 'xcalo'
|-- From          : 'last'
|-- Extrapolation : 'helix'
|-- Spot          : 
|   |-- Store       : (1000)
|   |-- Hit ID      : <none>
|   |-- Geometry ID : <none>
|   |-- Auxiliaries : <empty>
|   |-- Dimension : 3
|   |-- Placement : 
|   |   |-- Number of items  = 1
|   |   |-- Valid : true
|   |   |-- Translation : (84.7746,2505.5,1150.49)
|   |   |-- Euler Angles (ZYZ): Yes
|   |   |   |-- Phi :   0 degree
|   |   |   |-- Theta : 0 degree
|   |   |   `-- Delta : 0 degree
|   |-- X-error : 1 mm
|   |-- Y-error : nan mm
|   |-- Z-error : nan mm
|   `-- Tolerance : 1e-07 mm
|-- Distance      : 40.3345 mm
|-- XY-distance   : 37.2901 mm
|-- Edge          : false
`-- Best      : true
|-- Store       : (11)
|-- Hit ID      : 0
|-- Geometry ID : [1130:0.7.2]
|-- Auxiliaries : <empty>
|-- Category      : 'foil'
|-- From          : 'first'
|-- Extrapolation : 'line'
|-- Spot          : 
|   |-- Store       : (1000)
|   |-- Hit ID      : <none>
|   |-- Geometry ID : <none>
|   |-- Auxiliaries : <empty>
|   |-- Dimension : 3
|   |-- Placement : 
|   |   |-- Number of items  = 1
|   |   |-- Valid : true
|   |   |-- Translation : (0.125,-1457.6,-564.829)
|   |   |-- Euler Angles (ZYZ): Yes
|   |   |   |-- Phi :   0 degree
|   |   |   |-- Theta : 0 degree
|   |   |   `-- Delta : 0 degree
|   |-- X-error : 1 mm
|   |-- Y-error : nan mm
|   |-- Z-error : nan mm
|   `-- Tolerance : 1e-07 mm
|-- Distance      : 102.928 mm
|-- XY-distance   : 96.6498 mm
|-- Edge          : false
`-- Best      : false
|-- Store       : (11)
|-- Hit ID      : 1
|-- Geometry ID : [1302:0.1.2.5.1]
|-- Auxiliaries : <empty>
|-- Category      : 'calo'
|-- From          : 'last'
|-- Extrapolation : 'line'
|-- Spot          : 
|   |-- Store       : (1000)
|   |-- Hit ID      : <none>
|   |-- Geometry ID : <none>
|   |-- Auxiliaries : <empty>
|   |-- Dimension : 3
|   |-- Placement : 
|   |   |-- Number of items  = 1
|   |   |-- Valid : true
|   |   |-- Translation : (435,-1972.3,-312.348)
|   |   |-- Euler Angles (ZYZ): Yes
|   |   |   |-- Phi :   0 degree
|   |   |   |-- Theta : 0 degree
|   |   |   `-- Delta : 0 degree
|   |-- X-error : 1 mm
|   |-- Y-error : nan mm
|   |-- Z-error : nan mm
|   `-- Tolerance : 1e-07 mm
|-- Distance      : 23.9389 mm
|-- XY-distance   : 22.4789 mm
|-- Edge          : false
`-- Best      : true
|-- Store       : (11)
|-- Hit ID      : 0
|-- Geometry ID : [1302:0.1.9.6.1]
|-- Auxiliaries : <empty>
|-- Category      : 'calo'
|-- From          : 'last'
|-- Extrapolation : 'line'
|-- Spot          : 
|   |-- Store       : (1000)
|   |-- Hit ID      : <none>
|   |-- Geometry ID : <none>
|   |-- Auxiliaries : <empty>
|   |-- Dimension : 3
|   |-- Placement : 
|   |   |-- Number of items  = 1
|   |   |-- Valid : true
|   |   |-- Translation : (435,-209.142,65.0353)
|   |   |-- Euler Angles (ZYZ): Yes
|   |   |   |-- Phi :   0 degree
|   |   |   |-- Theta : 0 degree
|   |   |   `-- Delta : 0 degree
|   |-- X-error : 1 mm
|   |-- Y-error : nan mm
|   |-- Z-error : nan mm
|   `-- Tolerance : 1e-07 mm
|-- Distance      : 60.9361 mm
|-- XY-distance   : 43.9626 mm
|-- Edge          : false
`-- Best      : true
|-- Store       : (11)
|-- Hit ID      : 0
|-- Geometry ID : [1130:0.14.1]
|-- Auxiliaries : <empty>
|-- Category      : 'foil'
|-- From          : 'first'
|-- Extrapolation : 'line'
|-- Spot          : 
|   |-- Store       : (1000)
|   |-- Hit ID      : <none>
|   |-- Geometry ID : <none>
|   |-- Auxiliaries : <empty>
|   |-- Dimension : 3
|   |-- Placement : 
|   |   |-- Number of items  = 1
|   |   |-- Valid : true
|   |   |-- Translation : (0.125,-520.1,-883.051)
|   |   |-- Euler Angles (ZYZ): Yes
|   |   |   |-- Phi :   0 degree
|   |   |   |-- Theta : 0 degree
|   |   |   `-- Delta : 0 degree
|   |-- X-error : 1 mm
|   |-- Y-error : nan mm
|   |-- Z-error : nan mm
|   `-- Tolerance : 1e-07 mm
|-- Distance      : 83.0487 mm
|-- XY-distance   : 61.7124 mm
|-- Edge          : false
`-- Best      : false
|-- Store       : (11)
|-- Hit ID      : 0
|-- Geometry ID : [1130:0.32.3]
|-- Auxiliaries : <empty>
|-- Category      : 'foil'
|-- From          : 'first'
|-- Extrapolation : 'line'
|-- Spot          : 
|   |-- Store       : (1000)
|   |-- Hit ID      : <none>
|   |-- Geometry ID : <none>
|   |-- Auxiliaries : <empty>
|   |-- Dimension : 3
|   |-- Placement : 
|   |   |-- Number of items  = 1
|   |   |-- Valid : true
|   |   |-- Translation : (-0.125,2062.17,-303.637)
|   |   |-- Euler Angles (ZYZ): Yes
|   |   |   |-- Phi :   0 degree
|   |   |   |-- Theta : 0 degree
|   |   |   `-- Delta : 0 degree
|   |-- X-error : 1 mm
|   |-- Y-error : nan mm
|   |-- Z-error : nan mm
|   `-- Tolerance : 1e-07 mm
|-- Distance      : 86.4473 mm
|-- XY-distance   : 68.8533 mm
|-- Edge          : false
`-- Best      : false
|-- Store       : (11)
|-- Hit ID      : 1
|-- Geometry ID : [1302:0.0.18.3.1]
|-- Auxiliaries : <empty>
|-- Category      : 'calo'
|-- From          : 'last'
|-- Extrapolation : 'line'
|-- Spot          : 
|   |-- Store       : (1000)
|   |-- Hit ID      : <none>
|   |-- Geometry ID : <none>
|   |-- Auxiliaries : <empty>
|   |-- Dimension : 3
|   |-- Placement : 
|   |   |-- Number of items  = 1
|   |   |-- Valid : true
|   |   |-- Translation : (-435,2147.43,-645.311)
|   |   |-- Euler Angles (ZYZ): Yes
|   |   |   |-- Phi :   0 degree
|   |   |   |-- Theta : 0 degree
|   |   |   `-- Delta : 0 degree
|   |-- X-error : 1 mm
|   |-- Y-error : nan mm
|   |-- Z-error : nan mm
|   `-- Tolerance : 1e-07 mm
|-- Distance      : 38.4631 mm
|-- XY-distance   : 30.635 mm
|-- Edge          : true
`-- Best      : true
|-- Store       : (11)
|-- Hit ID      : 0
|-- Geometry ID : [1130:0.21.7]
|-- Auxiliaries : <empty>
|-- Category      : 'foil'
|-- From          : 'first'
|-- Extrapolation : 'helix'
|-- Spot          : 
|   |-- Store       : (1000)
|   |-- Hit ID      : <none>
|   |-- Geometry ID : <none>
|   |-- Auxiliaries : <empty>
|   |-- Dimension : 3
|   |-- Placement : 
|   |   |-- Number of items  = 1
|   |   |-- Valid : true
|   |   |-- Translation : (0.125,434.252,1044.55)
|   |   |-- Euler Angles (ZYZ): Yes
|   |   |   |-- Phi :   0 degree
|   |   |   |-- Theta : 0 degree
|   |   |   `-- Delta : 0 degree
|   |-- X-error : 1 mm
|   |-- Y-error : nan mm
|   |-- Z-error : nan mm
|   `-- Tolerance : 1e-07 mm
|-- Distance      : 129.239 mm
|-- XY-distance   : 104.994 mm
|-- Edge          : false
`-- Best      : false
|-- Store       : (11)
|-- Hit ID      : 1
|-- Geometry ID : [1130:0.33.3]
|-- Auxiliaries : <empty>
|-- Category      : 'foil'
|-- From          : 'last'
|-- Extrapolation : 'line'
|-- Spot          : 
|   |-- Store       : (1000)
|   |-- Hit ID      : <none>
|   |-- Geometry ID : <none>
|   |-- Auxiliaries : <empty>
|   |-- Dimension : 3
|   |-- Placement : 
|   |   |-- Number of items  = 1
|   |   |-- Valid : true
|   |   |-- Translation : (0.125,2108.4,-178.921)
|   |   |-- Euler Angles (ZYZ): Yes
|   |   |   |-- Phi :   0 degree
|   |   |   |-- Theta : 0 degree
|   |   |   `-- Delta : 0 degree
|   |-- X-error : 1 mm
|   |-- Y-error : nan mm
|   |-- Z-error : nan mm
|   `-- Tolerance : 1e-07 mm
|-- Distance      : 169.954 mm
|-- XY-distance   : 138.04 mm
|-- Edge          : false
`-- Best      : false
[debug:falaise::exit_code FLReconstruct::do_pipeline(const FLReconstruct::FLReconstructParams&):181] Input module is terminated
[notice:falaise::exit_code FLReconstruct::do_pipeline(const FLReconstruct::FLReconstructParams&):246] Number of processed input data records = 10
CAT::clusterizer::finalize: Ending algorithm clusterizer...
CAT::clusterizer::finalize: Initial events:  0
CAT::clusterizer::finalize: Skipped events:  0 ( -nan %)
CAT::clockable::dump: time of ' clusterizer: clusterize ' : 58.832 ms (100 %)
CAT::clockable::dump: time of ' clusterizer: is good couplet ' : 16.885 ms (28.7004 %)
CAT::clockable::dump: time of ' clusterizer: get near cells ' : 0.781 ms (1.32751 %)
CAT::clockable::dump: time of ' clusterizer: prepare event ' : 0.261 ms (0.443636 %)
CAT::clockable::dump: time of ' clusterizer: order cells ' : 0.05 ms (0.0849878 %)
CAT::clockable::dump: time of ' clusterizer: finalize ' : 0.037 ms (0.0628909 %)
CAT::clockable::dump: time of ' clusterizer: setup_clusters ' : 0.005 ms (0.00849878 %)
CAT::sequentiator::finalize: Ending algorithm sequentiator
CAT::sequentiator::finalize: Initial events:  0
CAT::sequentiator::finalize: Skipped events:  0 ( -nan %)
CAT::clockable::dump: time of ' sequentiator: sequentiate ' : 67.461 ms (100 %)
CAT::clockable::dump: time of ' sequentiator: evolve ' : 40.991 ms (60.7625 %)
CAT::clockable::dump: time of ' sequentiator: make new sequence ' : 39.641 ms (58.7614 %)
CAT::clockable::dump: time of ' sequentiator: evolve: part B ' : 34.36 ms (50.9331 %)
CAT::clockable::dump: time of ' sequentiator: pick new cell ' : 30.281 ms (44.8867 %)
CAT::clockable::dump: time of ' sequentiator: make copy sequence ' : 15.074 ms (22.3448 %)
CAT::clockable::dump: time of ' sequentiator: clean up sequences ' : 11.336 ms (16.8038 %)
CAT::clockable::dump: time of ' sequentiator: make copy sequence: part A ' : 9.933 ms (14.7241 %)
CAT::clockable::dump: time of ' sequentiator: make copy sequence: evolve ' : 7.76 ms (11.5029 %)
CAT::clockable::dump: time of ' sequentiator: set free level ' : 7.593 ms (11.2554 %)
CAT::clockable::dump: time of ' sequentiator: evolve: part C ' : 6.481 ms (9.60703 %)
CAT::clockable::dump: time of ' sequentiator: manage copy sequence ' : 4.972 ms (7.37018 %)
CAT::clockable::dump: time of ' sequentiator: add pair ' : 4.082 ms (6.0509 %)
CAT::clockable::dump: time of ' sequentiator: make scenarios ' : 3.898 ms (5.77815 %)
CAT::clockable::dump: time of ' sequentiator: interpret physics ' : 2.184 ms (3.23743 %)
CAT::clockable::dump: time of ' sequentiator: copy to lfn ' : 2.15 ms (3.18703 %)
CAT::clockable::dump: time of ' sequentiator: can add family ' : 2.121 ms (3.14404 %)
CAT::clockable::dump: time of ' sequentiator: direct out of foil ' : 1.407 ms (2.08565 %)
CAT::clockable::dump: time of ' sequentiator: evolve: part B: set free level ' : 0.843 ms (1.24961 %)
CAT::clockable::dump: time of ' sequentiator: copy sequence ' : 0.713 ms (1.05691 %)
CAT::clockable::dump: time of ' sequentiator: evolve: part B: noc ' : 0.667 ms (0.988719 %)
CAT::clockable::dump: time of ' sequentiator: copy scenario ' : 0.502 ms (0.744134 %)
CAT::clockable::dump: time of ' sequentiator: can match ' : 0.477 ms (0.707075 %)
CAT::clockable::dump: time of ' sequentiator: better scenario ' : 0.31 ms (0.459525 %)
CAT::clockable::dump: time of ' sequentiator: make families ' : 0.073 ms (0.108211 %)
CAT::clockable::dump: time of ' sequentiator: good first node ' : 0.069 ms (0.102281 %)
CAT::clockable::dump: time of ' sequentiator: calculate scenario ' : 0.057 ms (0.0844933 %)
CAT::clockable::dump: time of ' sequentiator: evolve: part A ' : 0.056 ms (0.0830109 %)
CAT::clockable::dump: time of ' sequentiator: get link index ' : 0.013 ms (0.0192704 %)
CAT::clockable::dump: time of ' sequentiator: there is free sequence beginning with ' : 0.007 ms (0.0103764 %)
CAT::clockable::dump: time of ' sequentiator: direct scenarios out of foil ' : 0.005 ms (0.00741169 %)
CAT::clockable::dump: time of ' sequentiator: make copy sequence: part A: alpha ' : 0.002 ms (0.00296468 %)
CAT::clockable::dump: time of ' sequentiator: finalize ' : 0.001 ms (0.00148234 %)
CAT::clockable::dump: time of ' sequentiator: make copy sequence: part A: beta ' : 0.001 ms (0.00148234 %)
CAT::clockable::dump: time of ' sequentiator: match gaps ' : 0 ms (0 %)
CAT::clockable::dump: time of ' sequentiator: sequentiation ' : 0 ms (0 %)
Error in cling::AutoLoadingVisitor::InsertIntoAutoLoadingState:
   Missing FileEntry for brio/detail/TArrayCMod.h
   requested to autoload type TArrayCMod
Error in cling::AutoLoadingVisitor::InsertIntoAutoLoadingState:
   Missing FileEntry for brio/detail/brio_record.h
   requested to autoload type brio_record
[warning:datatools::properties& datatools::multi_properties::add_impl2(const string&, const string&):534] Key 'flreconstruct' will ignore meta 'flreconstruct::section' !
[warning:datatools::properties& datatools::multi_properties::add_impl2(const string&, const string&):534] Key 'flreconstruct.variantService' will ignore meta 'flreconstruct::section' !
[warning:datatools::properties& datatools::multi_properties::add_impl2(const string&, const string&):534] Key 'flreconstruct.services' will ignore meta 'flreconstruct::section' !
[warning:datatools::properties& datatools::multi_properties::add_impl2(const string&, const string&):534] Key 'flreconstruct.pipeline' will ignore meta 'flreconstruct::section' !
[notice:void datatools::library_loader::_init():467] Automatic loading of library 'MiModule'...
[warning:datatools::properties& datatools::multi_properties::add_impl2(const string&, const string&):534] Key 'flreconstruct' will ignore meta 'flreconstruct::section' !
[warning:datatools::properties& datatools::multi_properties::add_impl2(const string&, const string&):534] Key 'flreconstruct.variantService' will ignore meta 'flreconstruct::section' !
[warning:datatools::properties& datatools::multi_properties::add_impl2(const string&, const string&):534] Key 'flreconstruct.services' will ignore meta 'flreconstruct::section' !
[warning:datatools::properties& datatools::multi_properties::add_impl2(const string&, const string&):534] Key 'flreconstruct.pipeline' will ignore meta 'flreconstruct::section' !
[notice:virtual void Things2Root::initialize(const datatools::properties&, datatools::service_manager&, dpp::module_handle_dict_type&):350] Create TFile...
[debug:falaise::exit_code FLReconstruct::do_pipeline(const FLReconstruct::FLReconstructParams&):181] Input module is terminated
[notice:falaise::exit_code FLReconstruct::do_pipeline(const FLReconstruct::FLReconstructParams&):246] Number of processed input data records = 10
[notice:virtual void Things2Root::reset():1121] Finished conversion, file closed.
mv: cannot stat '/sps/nemo/scratch/ktrofimi/Attempt/MiModule/testing_products/Default.root': No such file or directory
Error in <TFile::TFile>: file /tmp/./MiModule.root does not exist

 *** Break *** segmentation violation



===========================================================
There was a crash.
This is the entire stack trace of all threads:
===========================================================
#0  0x000014b56fcd89fa in wait4 () from /lib64/libc.so.6
#1  0x000014b56fc4b243 in do_system () from /lib64/libc.so.6
#2  0x000014b57071229c in TUnixSystem::StackTrace() () from /sps/nemo/sw/redhat-9-x86_64/snsw/opt/root-6.26.06/bin/../lib/root/libCore.so.6.26
#3  0x000014b57070f995 in TUnixSystem::DispatchSignals(ESignals) () from /sps/nemo/sw/redhat-9-x86_64/snsw/opt/root-6.26.06/bin/../lib/root/libCore.so.6.26
#4  <signal handler called>
#5  0x000014b57040e0f8 in ?? ()
#6  0x0000000000000000 in ?? ()
===========================================================


The lines below might hint at the cause of the crash.
You may get help by asking at the ROOT forum https://root.cern/forum
Only if you are really convinced it is a bug in ROOT then please submit a
report at https://root.cern/bugs Please post the ENTIRE stack trace
from above as an attachment in addition to anything else
that might help us fixing this issue.
===========================================================
#5  0x000014b57040e0f8 in ?? ()
#6  0x0000000000000000 in ?? ()
===========================================================


slurmstepd: error: run_script_as_user: couldn't change working dir to /sps/nemo/scratch/ktrofimi/Attempt/data_folder/tist/$TMPDIR: No such file or directory
